// Vitest Snapshot v1

exports[`HomeView > should render correctly 1`] = `
"<div class=\\"relative h-full bg-white py-16\\">
  <div class=\\"absolute inset-x-0 top-0 hidden h-1/2 bg-gray-50 lg:block\\" aria-hidden=\\"true\\"></div>
  <div class=\\"mx-auto max-w-7xl bg-gray-600 lg:bg-transparent lg:px-8\\">
    <div class=\\"lg:grid lg:grid-cols-12\\">
      <div class=\\"relative z-10 lg:col-span-4 lg:col-start-1 lg:row-start-1 lg:bg-transparent lg:py-16\\">
        <div class=\\"absolute inset-x-0 h-1/2 bg-gray-50 lg:hidden\\" aria-hidden=\\"true\\"></div>
        <div class=\\"mx-auto max-w-md px-4 sm:max-w-3xl sm:px-6 lg:max-w-none lg:p-0\\">
          <div class=\\"aspect-w-10 aspect-h-6 sm:aspect-w-2 sm:aspect-h-1 lg:aspect-w-1\\"><img class=\\"rounded-3xl object-cover object-center shadow-2xl\\" src=\\"/assets/images/huxle.webp\\" alt=\\"\\"></div>
        </div>
      </div>
      <div class=\\"relative bg-gray-400 lg:col-span-10 lg:col-start-3 lg:row-start-1 lg:grid lg:grid-cols-10 lg:items-center lg:rounded-3xl\\">
        <div class=\\"absolute inset-0 hidden overflow-hidden rounded-3xl lg:block\\" aria-hidden=\\"true\\"><svg class=\\"absolute bottom-full left-full translate-y-1/3 -translate-x-2/3 transform xl:bottom-auto xl:top-0 xl:translate-y-0\\" width=\\"404\\" height=\\"384\\" fill=\\"none\\" viewBox=\\"0 0 404 384\\" aria-hidden=\\"true\\">
            <defs>
              <pattern id=\\"64e643ad-2176-4f86-b3d7-f2c5da3b6a6d\\" x=\\"0\\" y=\\"0\\" width=\\"20\\" height=\\"20\\" patternUnits=\\"userSpaceOnUse\\">
                <rect x=\\"0\\" y=\\"0\\" width=\\"4\\" height=\\"4\\" class=\\"text-gray-500\\" fill=\\"currentColor\\"></rect>
              </pattern>
            </defs>
            <rect width=\\"404\\" height=\\"384\\" fill=\\"url(#64e643ad-2176-4f86-b3d7-f2c5da3b6a6d)\\"></rect>
          </svg><svg class=\\"absolute top-full -translate-y-1/3 -translate-x-1/3 transform xl:-translate-y-1/2\\" width=\\"404\\" height=\\"384\\" fill=\\"none\\" viewBox=\\"0 0 404 384\\" aria-hidden=\\"true\\">
            <defs>
              <pattern id=\\"64e643ad-2176-4f86-b3d7-f2c5da3b6a6d\\" x=\\"0\\" y=\\"0\\" width=\\"20\\" height=\\"20\\" patternUnits=\\"userSpaceOnUse\\">
                <rect x=\\"0\\" y=\\"0\\" width=\\"4\\" height=\\"4\\" class=\\"text-gray-500\\" fill=\\"currentColor\\"></rect>
              </pattern>
            </defs>
            <rect width=\\"404\\" height=\\"384\\" fill=\\"url(#64e643ad-2176-4f86-b3d7-f2c5da3b6a6d)\\"></rect>
          </svg></div>
        <div class=\\"relative max-w-md space-y-12 py-12 px-4 sm:max-w-3xl sm:py-16 sm:px-6 lg:col-span-6 lg:col-start-4 lg:max-w-none lg:p-0\\">
          <div>
            <h2 class=\\"text-3xl my-3 font-bold tracking-tight text-white\\" id=\\"join-heading\\"> Create your own Huxle </h2><button id=\\"redirectToAdminButton\\" class=\\"block w-full rounded-md border border-transparent bg-gray-800 py-3 px-5 text-center text-base font-medium text-white shadow-md hover:bg-gray-600 sm:inline-block sm:w-auto\\"> New Huxle </button>
          </div>
          <div class=\\"space-y-3\\">
            <div>
              <h2 class=\\"text-3xl font-bold tracking-tight text-white\\" id=\\"join-heading\\"> Join game </h2>
            </div>
            <div>
              <div class=\\"mt-1\\"><input type=\\"text\\" id=\\"code\\" class=\\"py-3 block w-80 rounded-md border-gray-300 shadow-sm focus:border-green-500 focus:ring-green-500 sm:text-sm\\"></div>
            </div><button id=\\"checkGameCodeButton\\" class=\\"block w-full rounded-md border border-transparent bg-gray-800 py-3 px-5 text-center text-base font-medium text-white shadow-md hover:bg-gray-600 sm:inline-block sm:w-auto\\"> Enter code </button>
          </div>
        </div>
      </div>
    </div>
  </div>
</div>
<!--v-if-->"
`;
